CUDA available but unusable (no compatible kernels). Falling back to CPU.
Train mean=0.5717, std=0.1741
Train: torch.Size([4708, 1, 64, 64])  (0=1214, 1=3494)
Val:   torch.Size([524, 1, 64, 64])  (0=135, 1=389)
Test:  torch.Size([624, 1, 64, 64])  (0=234, 1=390)

AlexNet-like  params: 99,569  FLOPs: 39,063,616
VGG-like      params: 18,185  FLOPs: 19,464,256
ResNet-like   params: 77,169  FLOPs: 25,297,024

============================================================
B1 — AlexNet-like: learning-rate search
============================================================

--- LR=1e-05 ---
  Epoch  1/20  train_loss=0.6460  val_loss=0.6351  val_acc=0.7424
  Epoch  2/20  train_loss=0.6182  val_loss=0.5998  val_acc=0.7424
  Epoch  3/20  train_loss=0.5939  val_loss=0.5697  val_acc=0.7424
  Epoch  4/20  train_loss=0.5662  val_loss=0.5392  val_acc=0.7615
  Epoch  5/20  train_loss=0.5338  val_loss=0.5041  val_acc=0.7844
  Epoch  6/20  train_loss=0.5059  val_loss=0.4705  val_acc=0.8015
  Epoch  7/20  train_loss=0.4712  val_loss=0.4397  val_acc=0.8206
  Epoch  8/20  train_loss=0.4505  val_loss=0.4134  val_acc=0.8454
  Epoch  9/20  train_loss=0.4296  val_loss=0.3903  val_acc=0.8550
  Epoch 10/20  train_loss=0.4057  val_loss=0.3697  val_acc=0.8664
  Epoch 11/20  train_loss=0.3978  val_loss=0.3539  val_acc=0.8817
  Epoch 12/20  train_loss=0.3802  val_loss=0.3388  val_acc=0.8874
  Epoch 13/20  train_loss=0.3695  val_loss=0.3265  val_acc=0.8969
  Epoch 14/20  train_loss=0.3563  val_loss=0.3157  val_acc=0.8989
  Epoch 15/20  train_loss=0.3414  val_loss=0.3053  val_acc=0.9008
  Epoch 16/20  train_loss=0.3362  val_loss=0.2952  val_acc=0.9065
  Epoch 17/20  train_loss=0.3255  val_loss=0.2868  val_acc=0.9008
  Epoch 18/20  train_loss=0.3143  val_loss=0.2778  val_acc=0.9046
  Epoch 19/20  train_loss=0.3103  val_loss=0.2703  val_acc=0.9046
  Epoch 20/20  train_loss=0.2985  val_loss=0.2647  val_acc=0.9046

--- LR=0.0001 ---
  Epoch  1/20  train_loss=0.5453  val_loss=0.4415  val_acc=0.8111
  Epoch  2/20  train_loss=0.3572  val_loss=0.2739  val_acc=0.8969
  Epoch  3/20  train_loss=0.2823  val_loss=0.2251  val_acc=0.9237
  Epoch  4/20  train_loss=0.2432  val_loss=0.2059  val_acc=0.9179
  Epoch  5/20  train_loss=0.2142  val_loss=0.1753  val_acc=0.9351
  Epoch  6/20  train_loss=0.1999  val_loss=0.1628  val_acc=0.9389
  Epoch  7/20  train_loss=0.1722  val_loss=0.1483  val_acc=0.9504
  Epoch  8/20  train_loss=0.1638  val_loss=0.1433  val_acc=0.9485
  Epoch  9/20  train_loss=0.1505  val_loss=0.1140  val_acc=0.9618
  Epoch 10/20  train_loss=0.1351  val_loss=0.1042  val_acc=0.9618
  Epoch 11/20  train_loss=0.1319  val_loss=0.1069  val_acc=0.9580
  Epoch 12/20  train_loss=0.1237  val_loss=0.1016  val_acc=0.9561
  Epoch 13/20  train_loss=0.1175  val_loss=0.0887  val_acc=0.9676
  Epoch 14/20  train_loss=0.1061  val_loss=0.0996  val_acc=0.9561
  Epoch 15/20  train_loss=0.1017  val_loss=0.0850  val_acc=0.9637
  Epoch 16/20  train_loss=0.0979  val_loss=0.0851  val_acc=0.9656
  Epoch 17/20  train_loss=0.0944  val_loss=0.0845  val_acc=0.9637
  Epoch 18/20  train_loss=0.0867  val_loss=0.0910  val_acc=0.9637
  Epoch 19/20  train_loss=0.0857  val_loss=0.0768  val_acc=0.9733
  Epoch 20/20  train_loss=0.0789  val_loss=0.0853  val_acc=0.9656

--- LR=0.001 ---
  Epoch  1/20  train_loss=0.3205  val_loss=0.1777  val_acc=0.9351
  Epoch  2/20  train_loss=0.1629  val_loss=0.1335  val_acc=0.9408
  Epoch  3/20  train_loss=0.1312  val_loss=0.0930  val_acc=0.9599
  Epoch  4/20  train_loss=0.1096  val_loss=0.0955  val_acc=0.9676
  Epoch  5/20  train_loss=0.0872  val_loss=0.1187  val_acc=0.9542
  Epoch  6/20  train_loss=0.0836  val_loss=0.0914  val_acc=0.9580
  Epoch  7/20  train_loss=0.0787  val_loss=0.0685  val_acc=0.9752
  Epoch  8/20  train_loss=0.0721  val_loss=0.0679  val_acc=0.9752
  Epoch  9/20  train_loss=0.0665  val_loss=0.0722  val_acc=0.9733
  Epoch 10/20  train_loss=0.0494  val_loss=0.0637  val_acc=0.9752
  Epoch 11/20  train_loss=0.0532  val_loss=0.0682  val_acc=0.9809
  Epoch 12/20  train_loss=0.0511  val_loss=0.1081  val_acc=0.9618
  Epoch 13/20  train_loss=0.0451  val_loss=0.0583  val_acc=0.9809
  Epoch 14/20  train_loss=0.0336  val_loss=0.1142  val_acc=0.9676
  Epoch 15/20  train_loss=0.0308  val_loss=0.0794  val_acc=0.9790
  Epoch 16/20  train_loss=0.0296  val_loss=0.0945  val_acc=0.9809
  Epoch 17/20  train_loss=0.0243  val_loss=0.0798  val_acc=0.9771
  Early stopping at epoch 17

--- LR=0.01 ---
  Epoch  1/20  train_loss=0.4150  val_loss=0.2647  val_acc=0.9179
  Epoch  2/20  train_loss=0.2101  val_loss=0.2507  val_acc=0.9122
  Epoch  3/20  train_loss=0.1595  val_loss=0.1835  val_acc=0.9313
  Epoch  4/20  train_loss=0.1431  val_loss=0.1186  val_acc=0.9542
  Epoch  5/20  train_loss=0.1262  val_loss=0.1072  val_acc=0.9580
  Epoch  6/20  train_loss=0.1289  val_loss=0.1073  val_acc=0.9618
  Epoch  7/20  train_loss=0.1173  val_loss=0.0936  val_acc=0.9637
  Epoch  8/20  train_loss=0.1168  val_loss=0.0684  val_acc=0.9733
  Epoch  9/20  train_loss=0.1001  val_loss=0.0670  val_acc=0.9828
  Epoch 10/20  train_loss=0.1014  val_loss=0.0769  val_acc=0.9676
  Epoch 11/20  train_loss=0.0942  val_loss=0.0970  val_acc=0.9618
  Epoch 12/20  train_loss=0.0848  val_loss=0.0585  val_acc=0.9771
  Epoch 13/20  train_loss=0.0849  val_loss=0.0660  val_acc=0.9676
  Epoch 14/20  train_loss=0.0805  val_loss=0.0877  val_acc=0.9714
  Epoch 15/20  train_loss=0.0670  val_loss=0.0625  val_acc=0.9771
  Epoch 16/20  train_loss=0.0724  val_loss=0.1069  val_acc=0.9676
  Early stopping at epoch 16

--- LR=0.1 ---
  Epoch  1/20  train_loss=3.0077  val_loss=0.4684  val_acc=0.7996
  Epoch  2/20  train_loss=0.4370  val_loss=0.3840  val_acc=0.7901
  Epoch  3/20  train_loss=0.3552  val_loss=0.2887  val_acc=0.8130
  Epoch  4/20  train_loss=0.3148  val_loss=0.2257  val_acc=0.9179
  Epoch  5/20  train_loss=0.3111  val_loss=0.1746  val_acc=0.9332
  Epoch  6/20  train_loss=0.3172  val_loss=0.2342  val_acc=0.8855
  Epoch  7/20  train_loss=0.2991  val_loss=0.1829  val_acc=0.9294
  Epoch  8/20  train_loss=0.2991  val_loss=0.1653  val_acc=0.9408
  Epoch  9/20  train_loss=0.2659  val_loss=0.1504  val_acc=0.9351
  Epoch 10/20  train_loss=0.2760  val_loss=0.2830  val_acc=0.8779
  Epoch 11/20  train_loss=0.2775  val_loss=0.1357  val_acc=0.9447
  Epoch 12/20  train_loss=0.2548  val_loss=0.1599  val_acc=0.9408
  Epoch 13/20  train_loss=0.2748  val_loss=0.4323  val_acc=0.8626
  Epoch 14/20  train_loss=0.3353  val_loss=0.2160  val_acc=0.9198
  Epoch 15/20  train_loss=0.2720  val_loss=0.2078  val_acc=0.9218
  Early stopping at epoch 15

        LR | Best Ep |  Val Loss |   Val Err |      Sens |      Spec
-----------------------------------------------------------------
     1e-05 |      20 |    0.2647 |    0.0954 |    0.9666 |    0.7259
     1e-04 |      19 |    0.0768 |    0.0267 |    0.9846 |    0.9407
     1e-03 |      13 |    0.0583 |    0.0191 |    0.9871 |    0.9630
     1e-02 |      12 |    0.0585 |    0.0229 |    0.9897 |    0.9407
     1e-01 |      11 |    0.1357 |    0.0553 |    0.9820 |    0.8370

Selected LR = 0.001  (val classification error = 0.0191)

B1 Test  —  Accuracy: 0.8542  Sensitivity: 0.9923  Specificity: 0.6239

============================================================
B2 — VGG-like: batch-size search  (LR=0.001)
============================================================

--- BS=16 ---
  Epoch  1/20  train_loss=0.2505  val_loss=0.1564  val_acc=0.9447
  Epoch  2/20  train_loss=0.1559  val_loss=0.2515  val_acc=0.8912
  Epoch  3/20  train_loss=0.1243  val_loss=0.1297  val_acc=0.9447
  Epoch  4/20  train_loss=0.1066  val_loss=0.0941  val_acc=0.9599
  Epoch  5/20  train_loss=0.0956  val_loss=0.0757  val_acc=0.9733
  Epoch  6/20  train_loss=0.0847  val_loss=0.0843  val_acc=0.9695
  Epoch  7/20  train_loss=0.0753  val_loss=0.3908  val_acc=0.8492
  Epoch  8/20  train_loss=0.0798  val_loss=0.0748  val_acc=0.9809
  Epoch  9/20  train_loss=0.0633  val_loss=0.1102  val_acc=0.9542
  Epoch 10/20  train_loss=0.0631  val_loss=0.0722  val_acc=0.9714
  Epoch 11/20  train_loss=0.0618  val_loss=0.1240  val_acc=0.9447
  Epoch 12/20  train_loss=0.0507  val_loss=0.0630  val_acc=0.9752
  Epoch 13/20  train_loss=0.0561  val_loss=0.0646  val_acc=0.9733
  Epoch 14/20  train_loss=0.0447  val_loss=0.0588  val_acc=0.9790
  Epoch 15/20  train_loss=0.0395  val_loss=0.1202  val_acc=0.9599
  Epoch 16/20  train_loss=0.0426  val_loss=0.1021  val_acc=0.9599
  Epoch 17/20  train_loss=0.0299  val_loss=0.0930  val_acc=0.9656
  Epoch 18/20  train_loss=0.0322  val_loss=0.1164  val_acc=0.9485
  Early stopping at epoch 18

--- BS=32 ---
  Epoch  1/20  train_loss=0.2643  val_loss=0.2694  val_acc=0.8798
  Epoch  2/20  train_loss=0.1544  val_loss=0.3418  val_acc=0.8645
  Epoch  3/20  train_loss=0.1225  val_loss=0.4990  val_acc=0.8130
  Epoch  4/20  train_loss=0.1157  val_loss=0.1082  val_acc=0.9656
  Epoch  5/20  train_loss=0.0954  val_loss=0.1112  val_acc=0.9580
  Epoch  6/20  train_loss=0.0808  val_loss=0.1135  val_acc=0.9618
  Epoch  7/20  train_loss=0.0750  val_loss=0.1051  val_acc=0.9618
  Epoch  8/20  train_loss=0.0777  val_loss=0.1004  val_acc=0.9637
  Epoch  9/20  train_loss=0.0604  val_loss=0.1005  val_acc=0.9561
  Epoch 10/20  train_loss=0.0621  val_loss=0.0808  val_acc=0.9695
  Epoch 11/20  train_loss=0.0621  val_loss=0.0860  val_acc=0.9695
  Epoch 12/20  train_loss=0.0443  val_loss=0.0900  val_acc=0.9695
  Epoch 13/20  train_loss=0.0570  val_loss=0.0837  val_acc=0.9695
  Epoch 14/20  train_loss=0.0403  val_loss=0.0783  val_acc=0.9695
  Epoch 15/20  train_loss=0.0394  val_loss=0.1181  val_acc=0.9580
  Epoch 16/20  train_loss=0.0396  val_loss=0.0895  val_acc=0.9637
  Epoch 17/20  train_loss=0.0338  val_loss=0.1300  val_acc=0.9580
  Epoch 18/20  train_loss=0.0206  val_loss=0.1197  val_acc=0.9656
  Early stopping at epoch 18

--- BS=64 ---
  Epoch  1/20  train_loss=0.3027  val_loss=0.2212  val_acc=0.9122
  Epoch  2/20  train_loss=0.1762  val_loss=0.1663  val_acc=0.9370
  Epoch  3/20  train_loss=0.1376  val_loss=0.1591  val_acc=0.9466
  Epoch  4/20  train_loss=0.1156  val_loss=0.2255  val_acc=0.9141
  Epoch  5/20  train_loss=0.0983  val_loss=0.1435  val_acc=0.9370
  Epoch  6/20  train_loss=0.0857  val_loss=0.1207  val_acc=0.9580
  Epoch  7/20  train_loss=0.0755  val_loss=0.1077  val_acc=0.9542
  Epoch  8/20  train_loss=0.0746  val_loss=0.0859  val_acc=0.9637
  Epoch  9/20  train_loss=0.0612  val_loss=0.1965  val_acc=0.9332
  Epoch 10/20  train_loss=0.0592  val_loss=0.0969  val_acc=0.9656
  Epoch 11/20  train_loss=0.0549  val_loss=0.1672  val_acc=0.9351
  Epoch 12/20  train_loss=0.0494  val_loss=0.1793  val_acc=0.9408
  Early stopping at epoch 12

--- BS=128 ---
  Epoch  1/20  train_loss=0.3546  val_loss=0.6374  val_acc=0.7424
  Epoch  2/20  train_loss=0.2314  val_loss=0.2269  val_acc=0.9160
  Epoch  3/20  train_loss=0.1717  val_loss=0.1986  val_acc=0.9313
  Epoch  4/20  train_loss=0.1390  val_loss=0.1835  val_acc=0.9427
  Epoch  5/20  train_loss=0.1191  val_loss=0.2002  val_acc=0.9122
  Epoch  6/20  train_loss=0.1096  val_loss=0.1782  val_acc=0.9313
  Epoch  7/20  train_loss=0.0945  val_loss=0.1246  val_acc=0.9447
  Epoch  8/20  train_loss=0.0918  val_loss=0.1075  val_acc=0.9656
  Epoch  9/20  train_loss=0.0752  val_loss=0.1363  val_acc=0.9485
  Epoch 10/20  train_loss=0.0683  val_loss=0.1872  val_acc=0.9313
  Epoch 11/20  train_loss=0.0603  val_loss=0.1455  val_acc=0.9427
  Epoch 12/20  train_loss=0.0633  val_loss=0.0851  val_acc=0.9676
  Epoch 13/20  train_loss=0.0579  val_loss=0.1356  val_acc=0.9427
  Epoch 14/20  train_loss=0.0459  val_loss=0.0804  val_acc=0.9752
  Epoch 15/20  train_loss=0.0362  val_loss=0.1089  val_acc=0.9599
  Epoch 16/20  train_loss=0.0446  val_loss=0.2087  val_acc=0.9256
  Epoch 17/20  train_loss=0.0362  val_loss=0.1970  val_acc=0.9256
  Epoch 18/20  train_loss=0.0280  val_loss=0.0875  val_acc=0.9676
  Early stopping at epoch 18

--- BS=256 ---
  Epoch  1/20  train_loss=0.4123  val_loss=0.6250  val_acc=0.7424
  Epoch  2/20  train_loss=0.2835  val_loss=0.6742  val_acc=0.7424
  Epoch  3/20  train_loss=0.2222  val_loss=0.3095  val_acc=0.8416
  Epoch  4/20  train_loss=0.1890  val_loss=0.1854  val_acc=0.9351
  Epoch  5/20  train_loss=0.1568  val_loss=0.1816  val_acc=0.9370
  Epoch  6/20  train_loss=0.1362  val_loss=0.1641  val_acc=0.9370
  Epoch  7/20  train_loss=0.1237  val_loss=0.1586  val_acc=0.9351
  Epoch  8/20  train_loss=0.1184  val_loss=0.1486  val_acc=0.9485
  Epoch  9/20  train_loss=0.1032  val_loss=0.1559  val_acc=0.9389
  Epoch 10/20  train_loss=0.0919  val_loss=0.2052  val_acc=0.9065
  Epoch 11/20  train_loss=0.0886  val_loss=0.1633  val_acc=0.9389
  Epoch 12/20  train_loss=0.0931  val_loss=0.1213  val_acc=0.9523
  Epoch 13/20  train_loss=0.0745  val_loss=0.1001  val_acc=0.9676
  Epoch 14/20  train_loss=0.0649  val_loss=0.1895  val_acc=0.9237
  Epoch 15/20  train_loss=0.0696  val_loss=0.1140  val_acc=0.9618
  Epoch 16/20  train_loss=0.0657  val_loss=0.0945  val_acc=0.9714
  Epoch 17/20  train_loss=0.0580  val_loss=0.1278  val_acc=0.9542
  Epoch 18/20  train_loss=0.0535  val_loss=0.1878  val_acc=0.9237
  Epoch 19/20  train_loss=0.0511  val_loss=0.0983  val_acc=0.9656
  Epoch 20/20  train_loss=0.0475  val_loss=0.1360  val_acc=0.9466
  Early stopping at epoch 20

    BS | Best Ep |  Val Loss |   Val Err |      Sens |      Spec
------------------------------------------------------------
    16 |      14 |    0.0588 |    0.0210 |    0.9949 |    0.9333
    32 |      14 |    0.0783 |    0.0305 |    0.9769 |    0.9481
    64 |       8 |    0.0859 |    0.0363 |    0.9743 |    0.9333
   128 |      14 |    0.0804 |    0.0248 |    0.9949 |    0.9185
   256 |      16 |    0.0945 |    0.0286 |    0.9820 |    0.9407

Selected BS = 16  (val classification error = 0.0210)

B2 Test  —  Accuracy: 0.8670  Sensitivity: 1.0000  Specificity: 0.6453

============================================================
B3 — ResNet-like  (LR=0.001, BS=16)
============================================================
  Epoch  1/20  train_loss=0.2060  val_loss=0.3835  val_acc=0.8397
  Epoch  2/20  train_loss=0.1346  val_loss=0.2744  val_acc=0.8931
  Epoch  3/20  train_loss=0.1019  val_loss=0.1136  val_acc=0.9580
  Epoch  4/20  train_loss=0.0891  val_loss=0.1032  val_acc=0.9676
  Epoch  5/20  train_loss=0.0810  val_loss=0.1037  val_acc=0.9599
  Epoch  6/20  train_loss=0.0641  val_loss=0.2054  val_acc=0.9237
  Epoch  7/20  train_loss=0.0606  val_loss=0.0847  val_acc=0.9733
  Epoch  8/20  train_loss=0.0528  val_loss=0.0985  val_acc=0.9656
  Epoch  9/20  train_loss=0.0438  val_loss=0.0906  val_acc=0.9618
  Epoch 10/20  train_loss=0.0333  val_loss=0.1180  val_acc=0.9637
  Epoch 11/20  train_loss=0.0321  val_loss=0.1052  val_acc=0.9656
  Early stopping at epoch 11

B3 Test  —  Accuracy: 0.8926  Sensitivity: 0.9949  Specificity: 0.7222

       Model |      Acc |     Sens |     Spec |  Cls Err |     Params |          FLOPs
-------------------------------------------------------------------------------------
  B1 AlexNet |   0.8542 |   0.9923 |   0.6239 |   0.1458 |     99,569 |     39,063,616
      B2 VGG |   0.8670 |   1.0000 |   0.6453 |   0.1330 |     18,185 |     19,464,256
   B3 ResNet |   0.8926 |   0.9949 |   0.7222 |   0.1074 |     77,169 |     25,297,024

============================================================
B4 — Grad-CAM Visualization
============================================================
Selected pneumonia indices: [ 12  74  51 503 438]
Saved results/b4_gradcam.png

Done. All plots saved in results
